../Drivers/STM32G4xx_HAL_Driver/Inc/stm32g4xx_ll_bus.h:451:22:LL_AHB2_GRP1_EnableClock	24	static
../Drivers/STM32G4xx_HAL_Driver/Inc/stm32g4xx_ll_bus.h:935:22:LL_APB1_GRP2_EnableClock	24	static
../Core/Src/main.c:96:5:main	24	static
../Core/Src/main.c:227:6:SystemClock_Config	88	static
../Core/Src/main.c:275:13:MX_ADC1_Init	56	static
../Core/Src/main.c:343:13:MX_ADC2_Init	40	static
../Core/Src/main.c:402:13:MX_COMP2_Init	8	static
../Core/Src/main.c:434:13:MX_COMP3_Init	8	static
../Core/Src/main.c:466:13:MX_COMP4_Init	8	static
../Core/Src/main.c:498:13:MX_COMP6_Init	8	static
../Core/Src/main.c:530:13:MX_DAC1_Init	56	static
../Core/Src/main.c:577:13:MX_DAC2_Init	56	static
../Core/Src/main.c:624:13:MX_DAC3_Init	56	static
../Core/Src/main.c:678:13:MX_HRTIM1_Init	184	static
../Core/Src/main.c:851:13:MX_UCPD1_Init	32	static
../Core/Src/main.c:892:13:MX_USART3_UART_Init	8	static
../Core/Src/main.c:940:13:MX_USB_PCD_Init	8	static
../Core/Src/main.c:973:13:MX_GPIO_Init	48	static
../Core/Src/main.c:1069:6:CenterGlass	16	static
../Core/Src/main.c:1139:6:Error_Handler	4	static,ignoring_inline_asm
